{"sessionId":"9693a1","runId":"canvas-pdfjs","hypothesisId":"D-F","location":"AdminPdfViewer.tsx:load","message":"Parsing PDF bytes","data":{"blobSize":187749,"blobType":"application/pdf","byteLength":187749,"magic":"%PDF"},"timestamp":1790043331066}
{"sessionId":"9693a1","runId":"canvas-pdfjs","hypothesisId":"A-B","location":"AdminPdfViewer.tsx:headers","message":"CSP snapshot","data":{"objectSrc":"object-src 'self' blob:","frameSrc":"frame-src 'self' blob: https://api.razorpay.com https://checkout.razorpay.com"},"timestamp":1790043333809}
{"sessionId":"9693a1","runId":"canvas-pdfjs","hypothesisId":"F","location":"AdminPdfViewer.tsx:load-ok","message":"pdf.js document ready","data":{"numPages":2},"timestamp":1790043333311}
{"sessionId":"9693a1","runId":"canvas-pdfjs","hypothesisId":"A-B","location":"AdminPdfViewer.tsx:headers","message":"CSP snapshot","data":{"objectSrc":"object-src 'self' blob:","frameSrc":"frame-src 'self' blob: https://api.razorpay.com https://checkout.razorpay.com"},"timestamp":1790043333937}
{"sessionId":"9693a1","runId":"canvas-pdfjs","hypothesisId":"F","location":"AdminPdfViewer.tsx:paint-ok","message":"Page painted to canvas","data":{"page":1,"scale":1,"width":596,"height":842},"timestamp":1790043338054}
{"sessionId":"9693a1","runId":"canvas-pdfjs","hypothesisId":"F","location":"AdminPdfViewer.tsx:paint-ok","message":"Page painted to canvas","data":{"page":2,"scale":1,"width":596,"height":842},"timestamp":1790043346757}
{"sessionId":"9693a1","runId":"canvas-pdfjs","hypothesisId":"D-F","location":"AdminPdfViewer.tsx:load","message":"Parsing PDF bytes","data":{"blobSize":183917,"blobType":"application/pdf","byteLength":183917,"magic":"%PDF"},"timestamp":1790043377270}
{"sessionId":"9693a1","runId":"canvas-pdfjs","hypothesisId":"F","location":"AdminPdfViewer.tsx:load-ok","message":"pdf.js document ready","data":{"numPages":2},"timestamp":1790043379146}
{"sessionId":"9693a1","runId":"canvas-pdfjs","hypothesisId":"F","location":"AdminPdfViewer.tsx:paint-ok","message":"Page painted to canvas","data":{"page":1,"scale":1,"width":596,"height":842},"timestamp":1790043379254}
{"sessionId":"9693a1","runId":"canvas-pdfjs","hypothesisId":"A-B","location":"AdminPdfViewer.tsx:headers","message":"CSP snapshot","data":{"objectSrc":"object-src 'self' blob:","frameSrc":"frame-src 'self' blob: https://api.razorpay.com https://checkout.razorpay.com"},"timestamp":1790043380166}
{"sessionId":"9693a1","runId":"canvas-pdfjs","hypothesisId":"A-B","location":"AdminPdfViewer.tsx:headers","message":"CSP snapshot","data":{"objectSrc":"object-src 'self' blob:","frameSrc":"frame-src 'self' blob: https://api.razorpay.com https://checkout.razorpay.com"},"timestamp":1790043380600}
{"sessionId":"9693a1","runId":"canvas-pdfjs","hypothesisId":"D-F","location":"AdminPdfViewer.tsx:load","message":"Parsing PDF bytes","data":{"blobSize":187749,"blobType":"application/pdf","byteLength":187749,"magic":"%PDF"},"timestamp":1790043516708}
{"sessionId":"9693a1","runId":"canvas-pdfjs","hypothesisId":"F","location":"AdminPdfViewer.tsx:paint-ok","message":"Page painted to canvas","data":{"page":1,"scale":1,"width":596,"height":842},"timestamp":1790043520148}
{"sessionId":"9693a1","runId":"canvas-pdfjs","hypothesisId":"A-B","location":"AdminPdfViewer.tsx:headers","message":"CSP snapshot","data":{"objectSrc":"object-src 'self' blob:","frameSrc":"frame-src 'self' blob: https://api.razorpay.com https://checkout.razorpay.com"},"timestamp":1790043520960}
{"sessionId":"9693a1","runId":"canvas-pdfjs","hypothesisId":"F","location":"AdminPdfViewer.tsx:load-ok","message":"pdf.js document ready","data":{"numPages":2},"timestamp":1790043520024}
{"sessionId":"9693a1","runId":"canvas-pdfjs","hypothesisId":"A-B","location":"AdminPdfViewer.tsx:headers","message":"CSP snapshot","data":{"objectSrc":"object-src 'self' blob:","frameSrc":"frame-src 'self' blob: https://api.razorpay.com https://checkout.razorpay.com"},"timestamp":1790043521349}
{"sessionId":"9693a1","runId":"canvas-pdfjs","hypothesisId":"D-F","location":"AdminPdfViewer.tsx:load","message":"Parsing PDF bytes","data":{"blobSize":156925,"blobType":"application/pdf","byteLength":156925,"magic":"%PDF"},"timestamp":1790043554017}
{"sessionId":"9693a1","runId":"canvas-pdfjs","hypothesisId":"F","location":"AdminPdfViewer.tsx:load-ok","message":"pdf.js document ready","data":{"numPages":1},"timestamp":1790043554782}
{"sessionId":"9693a1","runId":"canvas-pdfjs","hypothesisId":"F","location":"AdminPdfViewer.tsx:paint-ok","message":"Page painted to canvas","data":{"page":1,"scale":1,"width":596,"height":842},"timestamp":1790043555029}
{"sessionId":"9693a1","runId":"canvas-pdfjs","hypothesisId":"D-F","location":"AdminPdfViewer.tsx:load","message":"Parsing PDF bytes","data":{"blobSize":171545,"blobType":"application/pdf","byteLength":171545,"magic":"%PDF"},"timestamp":1790043565509}
{"sessionId":"9693a1","runId":"canvas-pdfjs","hypothesisId":"F","location":"AdminPdfViewer.tsx:load-ok","message":"pdf.js document ready","data":{"numPages":1},"timestamp":1790043565873}
{"sessionId":"9693a1","runId":"canvas-pdfjs","hypothesisId":"F","location":"AdminPdfViewer.tsx:paint-ok","message":"Page painted to canvas","data":{"page":1,"scale":1,"width":596,"height":842},"timestamp":1790043566036}
{"sessionId":"9693a1","runId":"canvas-pdfjs","hypothesisId":"D-F","location":"AdminPdfViewer.tsx:load","message":"Parsing PDF bytes","data":{"blobSize":179729,"blobType":"application/pdf","byteLength":179729,"magic":"%PDF"},"timestamp":1790043576694}
{"sessionId":"9693a1","runId":"canvas-pdfjs","hypothesisId":"F","location":"AdminPdfViewer.tsx:load-ok","message":"pdf.js document ready","data":{"numPages":2},"timestamp":1790043577256}
{"sessionId":"9693a1","runId":"canvas-pdfjs","hypothesisId":"F","location":"AdminPdfViewer.tsx:paint-ok","message":"Page painted to canvas","data":{"page":1,"scale":1,"width":596,"height":842},"timestamp":1790043577376}
{"sessionId":"9693a1","runId":"canvas-pdfjs","hypothesisId":"F","location":"AdminPdfViewer.tsx:paint-ok","message":"Page painted to canvas","data":{"page":1,"scale":1.25,"width":745,"height":1053},"timestamp":1790043835289}
{"sessionId":"9693a1","runId":"canvas-pdfjs","hypothesisId":"F","location":"AdminPdfViewer.tsx:paint-ok","message":"Page painted to canvas","data":{"page":1,"scale":1.5,"width":893,"height":1263},"timestamp":1790043839326}
{"sessionId":"9693a1","runId":"canvas-pdfjs","hypothesisId":"F","location":"AdminPdfViewer.tsx:paint-ok","message":"Page painted to canvas","data":{"page":1,"scale":1,"width":596,"height":842},"timestamp":1790043878745}
